#4 [1/9] FROM docker.io/library/python:3.11-slim@sha256:9c900dea9e8fb7e16277c179b555cc72d29a352dbc33cff48ad5a0412fd5bfc7
#4 extracting sha256:dce7fdcbadc617c8284289e67f7796c24f259677c5506cbdc1e17fe4e4e8c548 0.1s done
#4 extracting sha256:00430733972ce348d8ce3bdbaf6f2007cc5056d2e254943606d1ea1114dd3298
#4 extracting sha256:00430733972ce348d8ce3bdbaf6f2007cc5056d2e254943606d1ea1114dd3298 0.4s done
#4 DONE 10.6s
#4 [1/9] FROM docker.io/library/python:3.11-slim@sha256:9c900dea9e8fb7e16277c179b555cc72d29a352dbc33cff48ad5a0412fd5bfc7
#4 extracting sha256:477af7c3a936b1f5ddbcde585bdf7736346cff6f3ab0b1d4a3b1a170daee70ae 0.0s done
#4 DONE 10.6s
#6 [2/9] WORKDIR /app
#6 DONE 0.4s
#7 [3/9] COPY requirements.txt /app/requirements.txt
#7 DONE 0.0s
#8 [4/9] RUN pip install --no-cache-dir --upgrade pip     && pip install --no-cache-dir -r /app/requirements.txt
#8 2.205 Requirement already satisfied: pip in /usr/local/lib/python3.11/site-packages (24.0)
#8 2.332 Collecting pip
#8 2.394   Downloading pip-26.2.1-py3-none-any.whl.metadata (4.6 kB)
#8 2.408 Downloading pip-26.2.1-py3-none-any.whl (1.8 MB)
#8 2.660    ━━━━━━━━━━━━━━━━━━━━━━━━━━━━━━━━━━━━━━━━ 1.8/1.8 MB 7.3 MB/s eta 0:00:00
#8 2.723 Installing collected packages: pip
#8 2.723   Attempting uninstall: pip
#8 2.727     Found existing installation: pip 24.0
#8 2.777     Uninstalling pip-24.0:
#8 2.943       Successfully uninstalled pip-24.0
#8 3.975 Successfully installed pip-26.2.1
#8 3.976 WARNING: Running pip as the 'root' user can result in broken permissions and conflicting behaviour with the system package manager. It is recommended to use a virtual environment instead: https://pip.pypa.io/warnings/venv
#8 8.101 Collecting altair==6.2.2 (from -r /app/requirements.txt (line 1))
#8 8.327   Downloading altair-6.2.2-py3-none-any.whl.metadata (11 kB)
#8 8.393 Collecting annotated-doc==0.0.5 (from -r /app/requirements.txt (line 2))
#8 8.440   Downloading annotated_doc-0.0.5-py3-none-any.whl.metadata (6.5 kB)
#8 8.482 Collecting annotated-types==0.7.0 (from -r /app/requirements.txt (line 3))
#8 8.513   Downloading annotated_types-0.7.0-py3-none-any.whl.metadata (15 kB)
#8 8.571 Collecting anyio==4.14.2 (from -r /app/requirements.txt (line 4))
#8 8.598   Downloading anyio-4.14.2-py3-none-any.whl.metadata (4.6 kB)
#8 8.657 Collecting attrs==26.1.0 (from -r /app/requirements.txt (line 5))
#8 8.683   Downloading attrs-26.1.0-py3-none-any.whl.metadata (8.8 kB)
#8 8.727 Collecting beautifulsoup4==4.15.0 (from -r /app/requirements.txt (line 6))
#8 8.751   Downloading beautifulsoup4-4.15.0-py3-none-any.whl.metadata (3.8 kB)
#8 8.782 Collecting blinker==1.9.0 (from -r /app/requirements.txt (line 7))
#8 8.808   Downloading blinker-1.9.0-py3-none-any.whl.metadata (1.6 kB)
#8 8.857 Collecting certifi==2026.7.22 (from -r /app/requirements.txt (line 8))
#8 8.883   Downloading certifi-2026.7.22-py3-none-any.whl.metadata (2.5 kB)
#8 9.268 Collecting cffi==2.1.0 (from -r /app/requirements.txt (line 9))
#8 9.311   Downloading cffi-2.1.0-cp311-cp311-manylinux2014_aarch64.manylinux_2_17_aarch64.whl.metadata (2.5 kB)
#8 9.643 Collecting charset-normalizer==3.4.9 (from -r /app/requirements.txt (line 10))
#8 9.680   Downloading charset_normalizer-3.4.9-cp311-cp311-manylinux2014_aarch64.manylinux_2_17_aarch64.manylinux_2_28_aarch64.whl.metadata (41 kB)
#8 9.801 Collecting click==8.4.2 (from -r /app/requirements.txt (line 11))
#8 9.842   Downloading click-8.4.2-py3-none-any.whl.metadata (2.6 kB)
#8 9.901 Collecting colorama==0.4.6 (from -r /app/requirements.txt (line 12))
#8 9.947   Downloading colorama-0.4.6-py2.py3-none-any.whl.metadata (17 kB)
#8 10.13 Collecting curl_cffi==0.16.0 (from -r /app/requirements.txt (line 13))
#8 10.15   Downloading curl_cffi-0.16.0-cp310-abi3-manylinux2014_aarch64.manylinux_2_17_aarch64.whl.metadata (17 kB)
#8 10.26 Collecting fastapi==0.141.1 (from -r /app/requirements.txt (line 14))
#8 10.27   Downloading fastapi-0.141.1-py3-none-any.whl.metadata (27 kB)
#8 10.56 Collecting greenlet==3.5.3 (from -r /app/requirements.txt (line 15))
#8 10.57   Downloading greenlet-3.5.3-cp311-cp311-manylinux_2_24_aarch64.manylinux_2_28_aarch64.whl.metadata (3.8 kB)
#8 10.59 Collecting h11==0.16.0 (from -r /app/requirements.txt (line 16))
#8 10.60   Downloading h11-0.16.0-py3-none-any.whl.metadata (8.3 kB)
#8 10.65 Collecting httptools==0.8.0 (from -r /app/requirements.txt (line 17))
#8 10.66   Downloading httptools-0.8.0-cp311-cp311-manylinux2014_aarch64.manylinux_2_17_aarch64.manylinux_2_28_aarch64.whl.metadata (3.5 kB)
#8 10.67 Collecting idna==3.18 (from -r /app/requirements.txt (line 18))
#8 10.70   Downloading idna-3.18-py3-none-any.whl.metadata (6.1 kB)
#8 10.73 Collecting itsdangerous==2.2.0 (from -r /app/requirements.txt (line 19))
#8 10.75   Downloading itsdangerous-2.2.0-py3-none-any.whl.metadata (1.9 kB)
#8 10.79 Collecting Jinja2==3.1.6 (from -r /app/requirements.txt (line 20))
#8 10.81   Downloading jinja2-3.1.6-py3-none-any.whl.metadata (2.9 kB)
#8 10.86 Collecting jsonschema==4.26.0 (from -r /app/requirements.txt (line 21))
#8 10.88   Downloading jsonschema-4.26.0-py3-none-any.whl.metadata (7.6 kB)
#8 10.92 Collecting jsonschema-specifications==2025.9.1 (from -r /app/requirements.txt (line 22))
#8 10.94   Downloading jsonschema_specifications-2025.9.1-py3-none-any.whl.metadata (2.9 kB)
#8 11.04 Collecting MarkupSafe==3.0.3 (from -r /app/requirements.txt (line 23))
#8 11.07   Downloading markupsafe-3.0.3-cp311-cp311-manylinux2014_aarch64.manylinux_2_17_aarch64.manylinux_2_28_aarch64.whl.metadata (2.7 kB)
#8 11.08 Collecting multitasking==0.0.13 (from -r /app/requirements.txt (line 24))
#8 11.09   Downloading multitasking-0.0.13-py3-none-any.whl.metadata (16 kB)
#8 11.16 Collecting narwhals==2.24.0 (from -r /app/requirements.txt (line 25))
#8 11.17   Downloading narwhals-2.24.0-py3-none-any.whl.metadata (15 kB)
#8 11.61 ERROR: Ignored the following yanked versions: 2.4.0
#8 11.61 ERROR: Ignored the following versions that require a different python version: 1.21.2 Requires-Python >=3.7,<3.11; 1.21.3 Requires-Python >=3.7,<3.11; 1.21.4 Requires-Python >=3.7,<3.11; 1.21.5 Requires-Python >=3.7,<3.11; 1.21.6 Requires-Python >=3.7,<3.11; 2.5.0 Requires-Python >=3.12; 2.5.0rc1 Requires-Python >=3.12; 2.5.1 Requires-Python >=3.12; 2.5.2 Requires-Python >=3.12
#8 11.61 ERROR: Could not find a version that satisfies the requirement numpy==2.5.1 (from versions: 1.3.0, 1.4.1, 1.5.0, 1.5.1, 1.6.0, 1.6.1, 1.6.2, 1.7.0, 1.7.1, 1.7.2, 1.8.0, 1.8.1, 1.8.2, 1.9.0, 1.9.1, 1.9.2, 1.9.3, 1.10.0.post2, 1.10.1, 1.10.2, 1.10.4, 1.11.0, 1.11.1, 1.11.2, 1.11.3, 1.12.0, 1.12.1, 1.13.0, 1.13.1, 1.13.3, 1.14.0, 1.14.1, 1.14.2, 1.14.3, 1.14.4, 1.14.5, 1.14.6, 1.15.0, 1.15.1, 1.15.2, 1.15.3, 1.15.4, 1.16.0, 1.16.1, 1.16.2, 1.16.3, 1.16.4, 1.16.5, 1.16.6, 1.17.0, 1.17.1, 1.17.2, 1.17.3, 1.17.4, 1.17.5, 1.18.0, 1.18.1, 1.18.2, 1.18.3, 1.18.4, 1.18.5, 1.19.0, 1.19.1, 1.19.2, 1.19.3, 1.19.4, 1.19.5, 1.20.0, 1.20.1, 1.20.2, 1.20.3, 1.21.0, 1.21.1, 1.22.0, 1.22.1, 1.22.2, 1.22.3, 1.22.4, 1.23.0, 1.23.1, 1.23.2, 1.23.3, 1.23.4, 1.23.5, 1.24.0, 1.24.1, 1.24.2, 1.24.3, 1.24.4, 1.25.0, 1.25.1, 1.25.2, 1.26.0, 1.26.1, 1.26.2, 1.26.3, 1.26.4, 2.0.0, 2.0.1, 2.0.2, 2.1.0, 2.1.1, 2.1.2, 2.1.3, 2.2.0, 2.2.1, 2.2.2, 2.2.3, 2.2.4, 2.2.5, 2.2.6, 2.3.0, 2.3.1, 2.3.2, 2.3.3, 2.3.4, 2.3.5, 2.4.0rc1, 2.4.1, 2.4.2, 2.4.3, 2.4.4, 2.4.5, 2.4.6)
#8 11.61 ERROR: No matching distribution found for numpy==2.5.1
#8 ERROR: process "/bin/sh -c pip install --no-cache-dir --upgrade pip     && pip install --no-cache-dir -r /app/requirements.txt" did not complete successfully: exit code: 1
------
 > [4/9] RUN pip install --no-cache-dir --upgrade pip     && pip install --no-cache-dir -r /app/requirements.txt:
11.04 Collecting MarkupSafe==3.0.3 (from -r /app/requirements.txt (line 23))
11.07   Downloading markupsafe-3.0.3-cp311-cp311-manylinux2014_aarch64.manylinux_2_17_aarch64.manylinux_2_28_aarch64.whl.metadata (2.7 kB)
11.08 Collecting multitasking==0.0.13 (from -r /app/requirements.txt (line 24))
11.09   Downloading multitasking-0.0.13-py3-none-any.whl.metadata (16 kB)
11.16 Collecting narwhals==2.24.0 (from -r /app/requirements.txt (line 25))
11.17   Downloading narwhals-2.24.0-py3-none-any.whl.metadata (15 kB)
11.61 ERROR: Ignored the following yanked versions: 2.4.0
11.61 ERROR: Ignored the following versions that require a different python version: 1.21.2 Requires-Python >=3.7,<3.11; 1.21.3 Requires-Python >=3.7,<3.11; 1.21.4 Requires-Python >=3.7,<3.11; 1.21.5 Requires-Python >=3.7,<3.11; 1.21.6 Requires-Python >=3.7,<3.11; 2.5.0 Requires-Python >=3.12; 2.5.0rc1 Requires-Python >=3.12; 2.5.1 Requires-Python >=3.12; 2.5.2 Requires-Python >=3.12
11.61 ERROR: Could not find a version that satisfies the requirement numpy==2.5.1 (from versions: 1.3.0, 1.4.1, 1.5.0, 1.5.1, 1.6.0, 1.6.1, 1.6.2, 1.7.0, 1.7.1, 1.7.2, 1.8.0, 1.8.1, 1.8.2, 1.9.0, 1.9.1, 1.9.2, 1.9.3, 1.10.0.post2, 1.10.1, 1.10.2, 1.10.4, 1.11.0, 1.11.1, 1.11.2, 1.11.3, 1.12.0, 1.12.1, 1.13.0, 1.13.1, 1.13.3, 1.14.0, 1.14.1, 1.14.2, 1.14.3, 1.14.4, 1.14.5, 1.14.6, 1.15.0, 1.15.1, 1.15.2, 1.15.3, 1.15.4, 1.16.0, 1.16.1, 1.16.2, 1.16.3, 1.16.4, 1.16.5, 1.16.6, 1.17.0, 1.17.1, 1.17.2, 1.17.3, 1.17.4, 1.17.5, 1.18.0, 1.18.1, 1.18.2, 1.18.3, 1.18.4, 1.18.5, 1.19.0, 1.19.1, 1.19.2, 1.19.3, 1.19.4, 1.19.5, 1.20.0, 1.20.1, 1.20.2, 1.20.3, 1.21.0, 1.21.1, 1.22.0, 1.22.1, 1.22.2, 1.22.3, 1.22.4, 1.23.0, 1.23.1, 1.23.2, 1.23.3, 1.23.4, 1.23.5, 1.24.0, 1.24.1, 1.24.2, 1.24.3, 1.24.4, 1.25.0, 1.25.1, 1.25.2, 1.26.0, 1.26.1, 1.26.2, 1.26.3, 1.26.4, 2.0.0, 2.0.1, 2.0.2, 2.1.0, 2.1.1, 2.1.2, 2.1.3, 2.2.0, 2.2.1, 2.2.2, 2.2.3, 2.2.4, 2.2.5, 2.2.6, 2.3.0, 2.3.1, 2.3.2, 2.3.3, 2.3.4, 2.3.5, 2.4.0rc1, 2.4.1, 2.4.2, 2.4.3, 2.4.4, 2.4.5, 2.4.6)
11.61 ERROR: No matching distribution found for numpy==2.5.1
------
Dockerfile:19
--------------------
  18 |     
  19 | >>> RUN pip install --no-cache-dir --upgrade pip \
  20 | >>>     && pip install --no-cache-dir -r /app/requirements.txt
  21 |     
--------------------
ERROR: failed to build: failed to solve: process "/bin/sh -c pip install --no-cache-dir --upgrade pip     && pip install --no-cache-dir -r /app/requirements.txt" did not complete successfully: exit code: 1
2026-08-20 19:40:27.297 INFO (MainThread) [supervisor.docker.app] Starting build for local/aarch64-addon-stockmind:1.0.0
2026-08-20 19:40:27.300 INFO (MainThread) [supervisor.docker.manager] Running command '['docker', 'buildx', 'build', '.', '--tag', 'local/aarch64-addon-stockmind:1.0.0', '--file', 'Dockerfile', '--platform', 'linux/arm64', '--pull', '--label', 'io.hass.version=1.0.0', '--label', 'io.hass.arch=aarch64', '--label', 'io.hass.type=app', '--label', 'io.hass.name=StockMind', '--label', 'io.hass.description=StockMind stock analysis API', '--build-arg', 'BUILD_VERSION=1.0.0', '--build-arg', 'BUILD_ARCH=aarch64']' on docker:29.6.2-cli
2026-08-20 19:40:35.320 ERROR (MainThread) [supervisor.docker.app] Docker build failed for local/aarch64-addon-stockmind:1.0.0 (exit code 1). Build output:
#0 building with "default" instance using docker driver
#1 [internal] load build definition from Dockerfile
#1 transferring dockerfile: 716B done
#1 DONE 0.0s
#2 [internal] load metadata for docker.io/library/python:3.11-slim
#2 DONE 0.6s
#3 [internal] load .dockerignore
#3 transferring context: 2B done
#3 DONE 0.0s
#4 [1/9] FROM docker.io/library/python:3.11-slim@sha256:9c900dea9e8fb7e16277c179b555cc72d29a352dbc33cff48ad5a0412fd5bfc7
#4 resolve docker.io/library/python:3.11-slim@sha256:9c900dea9e8fb7e16277c179b555cc72d29a352dbc33cff48ad5a0412fd5bfc7 0.0s done
#4 DONE 0.0s
#5 [internal] load build context
#5 transferring context: 556.17kB 0.1s done
#5 DONE 0.1s
#6 [2/9] WORKDIR /app
#6 CACHED
#7 [3/9] COPY requirements.txt /app/requirements.txt
#7 CACHED
#8 [4/9] RUN pip install --no-cache-dir --upgrade pip     && pip install --no-cache-dir -r /app/requirements.txt
#8 2.179 Requirement already satisfied: pip in /usr/local/lib/python3.11/site-packages (24.0)
#8 2.300 Collecting pip
#8 2.362   Downloading pip-26.2.1-py3-none-any.whl.metadata (4.6 kB)
#8 2.377 Downloading pip-26.2.1-py3-none-any.whl (1.8 MB)
#8 2.629    ━━━━━━━━━━━━━━━━━━━━━━━━━━━━━━━━━━━━━━━━ 1.8/1.8 MB 7.3 MB/s eta 0:00:00
#8 2.692 Installing collected packages: pip
#8 2.692   Attempting uninstall: pip
#8 2.696     Found existing installation: pip 24.0
#8 2.742     Uninstalling pip-24.0:
#8 2.904       Successfully uninstalled pip-24.0
#8 3.912 Successfully installed pip-26.2.1
#8 3.913 WARNING: Running pip as the 'root' user can result in broken permissions and conflicting behaviour with the system package manager. It is recommended to use a virtual environment instead: https://pip.pypa.io/warnings/venv
#8 4.753 Collecting altair==6.2.2 (from -r /app/requirements.txt (line 1))
#8 4.810   Downloading altair-6.2.2-py3-none-any.whl.metadata (11 kB)
#8 4.832 Collecting annotated-doc==0.0.5 (from -r /app/requirements.txt (line 2))
#8 4.842   Downloading annotated_doc-0.0.5-py3-none-any.whl.metadata (6.5 kB)
#8 4.857 Collecting annotated-types==0.7.0 (from -r /app/requirements.txt (line 3))
#8 4.867   Downloading annotated_types-0.7.0-py3-none-any.whl.metadata (15 kB)
#8 4.895 Collecting anyio==4.14.2 (from -r /app/requirements.txt (line 4))
#8 4.905   Downloading anyio-4.14.2-py3-none-any.whl.metadata (4.6 kB)
#8 4.947 Collecting attrs==26.1.0 (from -r /app/requirements.txt (line 5))
#8 4.955   Downloading attrs-26.1.0-py3-none-any.whl.metadata (8.8 kB)
#8 4.977 Collecting beautifulsoup4==4.15.0 (from -r /app/requirements.txt (line 6))
#8 4.986   Downloading beautifulsoup4-4.15.0-py3-none-any.whl.metadata (3.8 kB)
#8 5.003 Collecting blinker==1.9.0 (from -r /app/requirements.txt (line 7))
#8 5.016   Downloading blinker-1.9.0-py3-none-any.whl.metadata (1.6 kB)
#8 5.040 Collecting certifi==2026.7.22 (from -r /app/requirements.txt (line 8))
#8 5.048   Downloading certifi-2026.7.22-py3-none-any.whl.metadata (2.5 kB)
#8 5.196 Collecting cffi==2.1.0 (from -r /app/requirements.txt (line 9))
#8 5.206   Downloading cffi-2.1.0-cp311-cp311-manylinux2014_aarch64.manylinux_2_17_aarch64.whl.metadata (2.5 kB)
#8 5.370 Collecting charset-normalizer==3.4.9 (from -r /app/requirements.txt (line 10))
#8 5.384   Downloading charset_normalizer-3.4.9-cp311-cp311-manylinux2014_aarch64.manylinux_2_17_aarch64.manylinux_2_28_aarch64.whl.metadata (41 kB)
#8 5.417 Collecting click==8.4.2 (from -r /app/requirements.txt (line 11))
#8 5.426   Downloading click-8.4.2-py3-none-any.whl.metadata (2.6 kB)
#8 5.444 Collecting colorama==0.4.6 (from -r /app/requirements.txt (line 12))
#8 5.454   Downloading colorama-0.4.6-py2.py3-none-any.whl.metadata (17 kB)
#8 5.539 Collecting curl_cffi==0.16.0 (from -r /app/requirements.txt (line 13))
#8 5.550   Downloading curl_cffi-0.16.0-cp310-abi3-manylinux2014_aarch64.manylinux_2_17_aarch64.whl.metadata (17 kB)
#8 5.612 Collecting fastapi==0.141.1 (from -r /app/requirements.txt (line 14))
#8 5.620   Downloading fastapi-0.141.1-py3-none-any.whl.metadata (27 kB)
#8 5.871 Collecting greenlet==3.5.3 (from -r /app/requirements.txt (line 15))
#8 5.884   Downloading greenlet-3.5.3-cp311-cp311-manylinux_2_24_aarch64.manylinux_2_28_aarch64.whl.metadata (3.8 kB)
#8 5.898 Collecting h11==0.16.0 (from -r /app/requirements.txt (line 16))
#8 5.907   Downloading h11-0.16.0-py3-none-any.whl.metadata (8.3 kB)
#8 5.950 Collecting httptools==0.8.0 (from -r /app/requirements.txt (line 17))
#8 5.959   Downloading httptools-0.8.0-cp311-cp311-manylinux2014_aarch64.manylinux_2_17_aarch64.manylinux_2_28_aarch64.whl.metadata (3.5 kB)
#8 5.977 Collecting idna==3.18 (from -r /app/requirements.txt (line 18))
#8 5.985   Downloading idna-3.18-py3-none-any.whl.metadata (6.1 kB)
#8 6.000 Collecting itsdangerous==2.2.0 (from -r /app/requirements.txt (line 19))
#8 6.009   Downloading itsdangerous-2.2.0-py3-none-any.whl.metadata (1.9 kB)
#8 6.027 Collecting Jinja2==3.1.6 (from -r /app/requirements.txt (line 20))
#8 6.037   Downloading jinja2-3.1.6-py3-none-any.whl.metadata (2.9 kB)
#8 6.064 Collecting jsonschema==4.26.0 (from -r /app/requirements.txt (line 21))
#8 6.073   Downloading jsonschema-4.26.0-py3-none-any.whl.metadata (7.6 kB)
#8 6.090 Collecting jsonschema-specifications==2025.9.1 (from -r /app/requirements.txt (line 22))
#8 6.099   Downloading jsonschema_specifications-2025.9.1-py3-none-any.whl.metadata (2.9 kB)
#8 6.173 Collecting MarkupSafe==3.0.3 (from -r /app/requirements.txt (line 23))
#8 6.183   Downloading markupsafe-3.0.3-cp311-cp311-manylinux2014_aarch64.manylinux_2_17_aarch64.manylinux_2_28_aarch64.whl.metadata (2.7 kB)
#8 6.196 Collecting multitasking==0.0.13 (from -r /app/requirements.txt (line 24))
#8 6.211   Downloading multitasking-0.0.13-py3-none-any.whl.metadata (16 kB)
#8 6.260 Collecting narwhals==2.24.0 (from -r /app/requirements.txt (line 25))
#8 6.269   Downloading narwhals-2.24.0-py3-none-any.whl.metadata (15 kB)
#8 6.556 ERROR: Ignored the following yanked versions: 2.4.0
#8 6.557 ERROR: Ignored the following versions that require a different python version: 1.21.2 Requires-Python >=3.7,<3.11; 1.21.3 Requires-Python >=3.7,<3.11; 1.21.4 Requires-Python >=3.7,<3.11; 1.21.5 Requires-Python >=3.7,<3.11; 1.21.6 Requires-Python >=3.7,<3.11; 2.5.0 Requires-Python >=3.12; 2.5.0rc1 Requires-Python >=3.12; 2.5.1 Requires-Python >=3.12; 2.5.2 Requires-Python >=3.12
#8 6.557 ERROR: Could not find a version that satisfies the requirement numpy==2.5.1 (from versions: 1.3.0, 1.4.1, 1.5.0, 1.5.1, 1.6.0, 1.6.1, 1.6.2, 1.7.0, 1.7.1, 1.7.2, 1.8.0, 1.8.1, 1.8.2, 1.9.0, 1.9.1, 1.9.2, 1.9.3, 1.10.0.post2, 1.10.1, 1.10.2, 1.10.4, 1.11.0, 1.11.1, 1.11.2, 1.11.3, 1.12.0, 1.12.1, 1.13.0, 1.13.1, 1.13.3, 1.14.0, 1.14.1, 1.14.2, 1.14.3, 1.14.4, 1.14.5, 1.14.6, 1.15.0, 1.15.1, 1.15.2, 1.15.3, 1.15.4, 1.16.0, 1.16.1, 1.16.2, 1.16.3, 1.16.4, 1.16.5, 1.16.6, 1.17.0, 1.17.1, 1.17.2, 1.17.3, 1.17.4, 1.17.5, 1.18.0, 1.18.1, 1.18.2, 1.18.3, 1.18.4, 1.18.5, 1.19.0, 1.19.1, 1.19.2, 1.19.3, 1.19.4, 1.19.5, 1.20.0, 1.20.1, 1.20.2, 1.20.3, 1.21.0, 1.21.1, 1.22.0, 1.22.1, 1.22.2, 1.22.3, 1.22.4, 1.23.0, 1.23.1, 1.23.2, 1.23.3, 1.23.4, 1.23.5, 1.24.0, 1.24.1, 1.24.2, 1.24.3, 1.24.4, 1.25.0, 1.25.1, 1.25.2, 1.26.0, 1.26.1, 1.26.2, 1.26.3, 1.26.4, 2.0.0, 2.0.1, 2.0.2, 2.1.0, 2.1.1, 2.1.2, 2.1.3, 2.2.0, 2.2.1, 2.2.2, 2.2.3, 2.2.4, 2.2.5, 2.2.6, 2.3.0, 2.3.1, 2.3.2, 2.3.3, 2.3.4, 2.3.5, 2.4.0rc1, 2.4.1, 2.4.2, 2.4.3, 2.4.4, 2.4.5, 2.4.6)
#8 6.557 ERROR: No matching distribution found for numpy==2.5.1
#8 ERROR: process "/bin/sh -c pip install --no-cache-dir --upgrade pip     && pip install --no-cache-dir -r /app/requirements.txt" did not complete successfully: exit code: 1
------
 > [4/9] RUN pip install --no-cache-dir --upgrade pip     && pip install --no-cache-dir -r /app/requirements.txt:
6.173 Collecting MarkupSafe==3.0.3 (from -r /app/requirements.txt (line 23))
6.183   Downloading markupsafe-3.0.3-cp311-cp311-manylinux2014_aarch64.manylinux_2_17_aarch64.manylinux_2_28_aarch64.whl.metadata (2.7 kB)
6.196 Collecting multitasking==0.0.13 (from -r /app/requirements.txt (line 24))
6.211   Downloading multitasking-0.0.13-py3-none-any.whl.metadata (16 kB)
6.260 Collecting narwhals==2.24.0 (from -r /app/requirements.txt (line 25))
6.269   Downloading narwhals-2.24.0-py3-none-any.whl.metadata (15 kB)
6.556 ERROR: Ignored the following yanked versions: 2.4.0
6.557 ERROR: Ignored the following versions that require a different python version: 1.21.2 Requires-Python >=3.7,<3.11; 1.21.3 Requires-Python >=3.7,<3.11; 1.21.4 Requires-Python >=3.7,<3.11; 1.21.5 Requires-Python >=3.7,<3.11; 1.21.6 Requires-Python >=3.7,<3.11; 2.5.0 Requires-Python >=3.12; 2.5.0rc1 Requires-Python >=3.12; 2.5.1 Requires-Python >=3.12; 2.5.2 Requires-Python >=3.12
6.557 ERROR: Could not find a version that satisfies the requirement numpy==2.5.1 (from versions: 1.3.0, 1.4.1, 1.5.0, 1.5.1, 1.6.0, 1.6.1, 1.6.2, 1.7.0, 1.7.1, 1.7.2, 1.8.0, 1.8.1, 1.8.2, 1.9.0, 1.9.1, 1.9.2, 1.9.3, 1.10.0.post2, 1.10.1, 1.10.2, 1.10.4, 1.11.0, 1.11.1, 1.11.2, 1.11.3, 1.12.0, 1.12.1, 1.13.0, 1.13.1, 1.13.3, 1.14.0, 1.14.1, 1.14.2, 1.14.3, 1.14.4, 1.14.5, 1.14.6, 1.15.0, 1.15.1, 1.15.2, 1.15.3, 1.15.4, 1.16.0, 1.16.1, 1.16.2, 1.16.3, 1.16.4, 1.16.5, 1.16.6, 1.17.0, 1.17.1, 1.17.2, 1.17.3, 1.17.4, 1.17.5, 1.18.0, 1.18.1, 1.18.2, 1.18.3, 1.18.4, 1.18.5, 1.19.0, 1.19.1, 1.19.2, 1.19.3, 1.19.4, 1.19.5, 1.20.0, 1.20.1, 1.20.2, 1.20.3, 1.21.0, 1.21.1, 1.22.0, 1.22.1, 1.22.2, 1.22.3, 1.22.4, 1.23.0, 1.23.1, 1.23.2, 1.23.3, 1.23.4, 1.23.5, 1.24.0, 1.24.1, 1.24.2, 1.24.3, 1.24.4, 1.25.0, 1.25.1, 1.25.2, 1.26.0, 1.26.1, 1.26.2, 1.26.3, 1.26.4, 2.0.0, 2.0.1, 2.0.2, 2.1.0, 2.1.1, 2.1.2, 2.1.3, 2.2.0, 2.2.1, 2.2.2, 2.2.3, 2.2.4, 2.2.5, 2.2.6, 2.3.0, 2.3.1, 2.3.2, 2.3.3, 2.3.4, 2.3.5, 2.4.0rc1, 2.4.1, 2.4.2, 2.4.3, 2.4.4, 2.4.5, 2.4.6)
6.557 ERROR: No matching distribution found for numpy==2.5.1
------
Dockerfile:19
--------------------
  18 |     
  19 | >>> RUN pip install --no-cache-dir --upgrade pip \
  20 | >>>     && pip install --no-cache-dir -r /app/requirements.txt
  21 |     
--------------------
ERROR: failed to build: failed to solve: process "/bin/sh -c pip install --no-cache-dir --upgrade pip     && pip install --no-cache-dir -r /app/requirements.txt" did not complete successfully: exit code: 1
2026-08-20 19:40:35.321 ERROR (MainThread) [supervisor.apps.app] Could not build image for app local_stockmind: Docker build failed for local/aarch64-addon-stockmind:1.0.0 (exit code 1). Build output:
#0 building with "default" instance using docker driver
#1 [internal] load build definition from Dockerfile
#1 transferring dockerfile: 716B done
#1 DONE 0.0s
#2 [internal] load metadata for docker.io/library/python:3.11-slim
#2 DONE 0.6s
#3 [internal] load .dockerignore
#3 transferring context: 2B done
#3 DONE 0.0s
#4 [1/9] FROM docker.io/library/python:3.11-slim@sha256:9c900dea9e8fb7e16277c179b555cc72d29a352dbc33cff48ad5a0412fd5bfc7
#4 resolve docker.io/library/python:3.11-slim@sha256:9c900dea9e8fb7e16277c179b555cc72d29a352dbc33cff48ad5a0412fd5bfc7 0.0s done
#4 DONE 0.0s
#5 [internal] load build context
#5 transferring context: 556.17kB 0.1s done
#5 DONE 0.1s
#6 [2/9] WORKDIR /app
#6 CACHED
#7 [3/9] COPY requirements.txt /app/requirements.txt
#7 CACHED
#8 [4/9] RUN pip install --no-cache-dir --upgrade pip     && pip install --no-cache-dir -r /app/requirements.txt
#8 2.179 Requirement already satisfied: pip in /usr/local/lib/python3.11/site-packages (24.0)
#8 2.300 Collecting pip
#8 2.362   Downloading pip-26.2.1-py3-none-any.whl.metadata (4.6 kB)
#8 2.377 Downloading pip-26.2.1-py3-none-any.whl (1.8 MB)
#8 2.629    ━━━━━━━━━━━━━━━━━━━━━━━━━━━━━━━━━━━━━━━━ 1.8/1.8 MB 7.3 MB/s eta 0:00:00
#8 2.692 Installing collected packages: pip
#8 2.692   Attempting uninstall: pip
#8 2.696     Found existing installation: pip 24.0
#8 2.742     Uninstalling pip-24.0:
#8 2.904       Successfully uninstalled pip-24.0
#8 3.912 Successfully installed pip-26.2.1
#8 3.913 WARNING: Running pip as the 'root' user can result in broken permissions and conflicting behaviour with the system package manager. It is recommended to use a virtual environment instead: https://pip.pypa.io/warnings/venv
#8 4.753 Collecting altair==6.2.2 (from -r /app/requirements.txt (line 1))
#8 4.810   Downloading altair-6.2.2-py3-none-any.whl.metadata (11 kB)
#8 4.832 Collecting annotated-doc==0.0.5 (from -r /app/requirements.txt (line 2))
#8 4.842   Downloading annotated_doc-0.0.5-py3-none-any.whl.metadata (6.5 kB)
#8 4.857 Collecting annotated-types==0.7.0 (from -r /app/requirements.txt (line 3))
#8 4.867   Downloading annotated_types-0.7.0-py3-none-any.whl.metadata (15 kB)
#8 4.895 Collecting anyio==4.14.2 (from -r /app/requirements.txt (line 4))
#8 4.905   Downloading anyio-4.14.2-py3-none-any.whl.metadata (4.6 kB)
#8 4.947 Collecting attrs==26.1.0 (from -r /app/requirements.txt (line 5))
#8 4.955   Downloading attrs-26.1.0-py3-none-any.whl.metadata (8.8 kB)
#8 4.977 Collecting beautifulsoup4==4.15.0 (from -r /app/requirements.txt (line 6))
#8 4.986   Downloading beautifulsoup4-4.15.0-py3-none-any.whl.metadata (3.8 kB)
#8 5.003 Collecting blinker==1.9.0 (from -r /app/requirements.txt (line 7))
#8 5.016   Downloading blinker-1.9.0-py3-none-any.whl.metadata (1.6 kB)
#8 5.040 Collecting certifi==2026.7.22 (from -r /app/requirements.txt (line 8))
#8 5.048   Downloading certifi-2026.7.22-py3-none-any.whl.metadata (2.5 kB)
#8 5.196 Collecting cffi==2.1.0 (from -r /app/requirements.txt (line 9))
#8 5.206   Downloading cffi-2.1.0-cp311-cp311-manylinux2014_aarch64.manylinux_2_17_aarch64.whl.metadata (2.5 kB)
#8 5.370 Collecting charset-normalizer==3.4.9 (from -r /app/requirements.txt (line 10))
#8 5.384   Downloading charset_normalizer-3.4.9-cp311-cp311-manylinux2014_aarch64.manylinux_2_17_aarch64.manylinux_2_28_aarch64.whl.metadata (41 kB)
#8 5.417 Collecting click==8.4.2 (from -r /app/requirements.txt (line 11))
#8 5.426   Downloading click-8.4.2-py3-none-any.whl.metadata (2.6 kB)
#8 5.444 Collecting colorama==0.4.6 (from -r /app/requirements.txt (line 12))
#8 5.454   Downloading colorama-0.4.6-py2.py3-none-any.whl.metadata (17 kB)
#8 5.539 Collecting curl_cffi==0.16.0 (from -r /app/requirements.txt (line 13))
#8 5.550   Downloading curl_cffi-0.16.0-cp310-abi3-manylinux2014_aarch64.manylinux_2_17_aarch64.whl.metadata (17 kB)
#8 5.612 Collecting fastapi==0.141.1 (from -r /app/requirements.txt (line 14))
#8 5.620   Downloading fastapi-0.141.1-py3-none-any.whl.metadata (27 kB)
#8 5.871 Collecting greenlet==3.5.3 (from -r /app/requirements.txt (line 15))
#8 5.884   Downloading greenlet-3.5.3-cp311-cp311-manylinux_2_24_aarch64.manylinux_2_28_aarch64.whl.metadata (3.8 kB)
#8 5.898 Collecting h11==0.16.0 (from -r /app/requirements.txt (line 16))
#8 5.907   Downloading h11-0.16.0-py3-none-any.whl.metadata (8.3 kB)
#8 5.950 Collecting httptools==0.8.0 (from -r /app/requirements.txt (line 17))
#8 5.959   Downloading httptools-0.8.0-cp311-cp311-manylinux2014_aarch64.manylinux_2_17_aarch64.manylinux_2_28_aarch64.whl.metadata (3.5 kB)
#8 5.977 Collecting idna==3.18 (from -r /app/requirements.txt (line 18))
#8 5.985   Downloading idna-3.18-py3-none-any.whl.metadata (6.1 kB)
#8 6.000 Collecting itsdangerous==2.2.0 (from -r /app/requirements.txt (line 19))
#8 6.009   Downloading itsdangerous-2.2.0-py3-none-any.whl.metadata (1.9 kB)
#8 6.027 Collecting Jinja2==3.1.6 (from -r /app/requirements.txt (line 20))
#8 6.037   Downloading jinja2-3.1.6-py3-none-any.whl.metadata (2.9 kB)
#8 6.064 Collecting jsonschema==4.26.0 (from -r /app/requirements.txt (line 21))
#8 6.073   Downloading jsonschema-4.26.0-py3-none-any.whl.metadata (7.6 kB)
#8 6.090 Collecting jsonschema-specifications==2025.9.1 (from -r /app/requirements.txt (line 22))
#8 6.099   Downloading jsonschema_specifications-2025.9.1-py3-none-any.whl.metadata (2.9 kB)
#8 6.173 Collecting MarkupSafe==3.0.3 (from -r /app/requirements.txt (line 23))
#8 6.183   Downloading markupsafe-3.0.3-cp311-cp311-manylinux2014_aarch64.manylinux_2_17_aarch64.manylinux_2_28_aarch64.whl.metadata (2.7 kB)
#8 6.196 Collecting multitasking==0.0.13 (from -r /app/requirements.txt (line 24))
#8 6.211   Downloading multitasking-0.0.13-py3-none-any.whl.metadata (16 kB)
#8 6.260 Collecting narwhals==2.24.0 (from -r /app/requirements.txt (line 25))
#8 6.269   Downloading narwhals-2.24.0-py3-none-any.whl.metadata (15 kB)
#8 6.556 ERROR: Ignored the following yanked versions: 2.4.0
#8 6.557 ERROR: Ignored the following versions that require a different python version: 1.21.2 Requires-Python >=3.7,<3.11; 1.21.3 Requires-Python >=3.7,<3.11; 1.21.4 Requires-Python >=3.7,<3.11; 1.21.5 Requires-Python >=3.7,<3.11; 1.21.6 Requires-Python >=3.7,<3.11; 2.5.0 Requires-Python >=3.12; 2.5.0rc1 Requires-Python >=3.12; 2.5.1 Requires-Python >=3.12; 2.5.2 Requires-Python >=3.12
#8 6.557 ERROR: Could not find a version that satisfies the requirement numpy==2.5.1 (from versions: 1.3.0, 1.4.1, 1.5.0, 1.5.1, 1.6.0, 1.6.1, 1.6.2, 1.7.0, 1.7.1, 1.7.2, 1.8.0, 1.8.1, 1.8.2, 1.9.0, 1.9.1, 1.9.2, 1.9.3, 1.10.0.post2, 1.10.1, 1.10.2, 1.10.4, 1.11.0, 1.11.1, 1.11.2, 1.11.3, 1.12.0, 1.12.1, 1.13.0, 1.13.1, 1.13.3, 1.14.0, 1.14.1, 1.14.2, 1.14.3, 1.14.4, 1.14.5, 1.14.6, 1.15.0, 1.15.1, 1.15.2, 1.15.3, 1.15.4, 1.16.0, 1.16.1, 1.16.2, 1.16.3, 1.16.4, 1.16.5, 1.16.6, 1.17.0, 1.17.1, 1.17.2, 1.17.3, 1.17.4, 1.17.5, 1.18.0, 1.18.1, 1.18.2, 1.18.3, 1.18.4, 1.18.5, 1.19.0, 1.19.1, 1.19.2, 1.19.3, 1.19.4, 1.19.5, 1.20.0, 1.20.1, 1.20.2, 1.20.3, 1.21.0, 1.21.1, 1.22.0, 1.22.1, 1.22.2, 1.22.3, 1.22.4, 1.23.0, 1.23.1, 1.23.2, 1.23.3, 1.23.4, 1.23.5, 1.24.0, 1.24.1, 1.24.2, 1.24.3, 1.24.4, 1.25.0, 1.25.1, 1.25.2, 1.26.0, 1.26.1, 1.26.2, 1.26.3, 1.26.4, 2.0.0, 2.0.1, 2.0.2, 2.1.0, 2.1.1, 2.1.2, 2.1.3, 2.2.0, 2.2.1, 2.2.2, 2.2.3, 2.2.4, 2.2.5, 2.2.6, 2.3.0, 2.3.1, 2.3.2, 2.3.3, 2.3.4, 2.3.5, 2.4.0rc1, 2.4.1, 2.4.2, 2.4.3, 2.4.4, 2.4.5, 2.4.6)
#8 6.557 ERROR: No matching distribution found for numpy==2.5.1
#8 ERROR: process "/bin/sh -c pip install --no-cache-dir --upgrade pip     && pip install --no-cache-dir -r /app/requirements.txt" did not complete successfully: exit code: 1
------
 > [4/9] RUN pip install --no-cache-dir --upgrade pip     && pip install --no-cache-dir -r /app/requirements.txt:
6.173 Collecting MarkupSafe==3.0.3 (from -r /app/requirements.txt (line 23))
6.183   Downloading markupsafe-3.0.3-cp311-cp311-manylinux2014_aarch64.manylinux_2_17_aarch64.manylinux_2_28_aarch64.whl.metadata (2.7 kB)
6.196 Collecting multitasking==0.0.13 (from -r /app/requirements.txt (line 24))
6.211   Downloading multitasking-0.0.13-py3-none-any.whl.metadata (16 kB)
6.260 Collecting narwhals==2.24.0 (from -r /app/requirements.txt (line 25))
6.269   Downloading narwhals-2.24.0-py3-none-any.whl.metadata (15 kB)
6.556 ERROR: Ignored the following yanked versions: 2.4.0
6.557 ERROR: Ignored the following versions that require a different python version: 1.21.2 Requires-Python >=3.7,<3.11; 1.21.3 Requires-Python >=3.7,<3.11; 1.21.4 Requires-Python >=3.7,<3.11; 1.21.5 Requires-Python >=3.7,<3.11; 1.21.6 Requires-Python >=3.7,<3.11; 2.5.0 Requires-Python >=3.12; 2.5.0rc1 Requires-Python >=3.12; 2.5.1 Requires-Python >=3.12; 2.5.2 Requires-Python >=3.12
6.557 ERROR: Could not find a version that satisfies the requirement numpy==2.5.1 (from versions: 1.3.0, 1.4.1, 1.5.0, 1.5.1, 1.6.0, 1.6.1, 1.6.2, 1.7.0, 1.7.1, 1.7.2, 1.8.0, 1.8.1, 1.8.2, 1.9.0, 1.9.1, 1.9.2, 1.9.3, 1.10.0.post2, 1.10.1, 1.10.2, 1.10.4, 1.11.0, 1.11.1, 1.11.2, 1.11.3, 1.12.0, 1.12.1, 1.13.0, 1.13.1, 1.13.3, 1.14.0, 1.14.1, 1.14.2, 1.14.3, 1.14.4, 1.14.5, 1.14.6, 1.15.0, 1.15.1, 1.15.2, 1.15.3, 1.15.4, 1.16.0, 1.16.1, 1.16.2, 1.16.3, 1.16.4, 1.16.5, 1.16.6, 1.17.0, 1.17.1, 1.17.2, 1.17.3, 1.17.4, 1.17.5, 1.18.0, 1.18.1, 1.18.2, 1.18.3, 1.18.4, 1.18.5, 1.19.0, 1.19.1, 1.19.2, 1.19.3, 1.19.4, 1.19.5, 1.20.0, 1.20.1, 1.20.2, 1.20.3, 1.21.0, 1.21.1, 1.22.0, 1.22.1, 1.22.2, 1.22.3, 1.22.4, 1.23.0, 1.23.1, 1.23.2, 1.23.3, 1.23.4, 1.23.5, 1.24.0, 1.24.1, 1.24.2, 1.24.3, 1.24.4, 1.25.0, 1.25.1, 1.25.2, 1.26.0, 1.26.1, 1.26.2, 1.26.3, 1.26.4, 2.0.0, 2.0.1, 2.0.2, 2.1.0, 2.1.1, 2.1.2, 2.1.3, 2.2.0, 2.2.1, 2.2.2, 2.2.3, 2.2.4, 2.2.5, 2.2.6, 2.3.0, 2.3.1, 2.3.2, 2.3.3, 2.3.4, 2.3.5, 2.4.0rc1, 2.4.1, 2.4.2, 2.4.3, 2.4.4, 2.4.5, 2.4.6)
6.557 ERROR: No matching distribution found for numpy==2.5.1
------
Dockerfile:19
--------------------
  18 |     
  19 | >>> RUN pip install --no-cache-dir --upgrade pip \
  20 | >>>     && pip install --no-cache-dir -r /app/requirements.txt
  21 |     
--------------------
ERROR: failed to build: failed to solve: process "/bin/sh -c pip install --no-cache-dir --upgrade pip     && pip install --no-cache-dir -r /app/requirements.txt" did not complete successfully: exit code: 1
2026-08-20 19:44:46.692 INFO (MainThread) [supervisor.store.git] Update app /data/apps/core repository from https://github.com/home-assistant/addons
2026-08-20 19:44:46.692 INFO (MainThread) [supervisor.store.git] Update app /data/apps/git/5c53de3b repository from https://github.com/esphome/home-assistant-addon
2026-08-20 19:44:46.693 INFO (MainThread) [supervisor.store.git] Update app /data/apps/git/a0d7b954 repository from https://github.com/hassio-addons/repository
2026-08-20 19:44:46.693 INFO (MainThread) [supervisor.store.git] Update app /data/apps/git/d5369777 repository from https://github.com/music-assistant/home-assistant-addon
2026-08-20 19:44:48.556 INFO (MainThread) [supervisor.store] Loading apps from store: 80 all - 0 new - 0 remove
2026-08-20 19:44:49.495 INFO (MainThread) [supervisor.store.git] Update app /data/apps/git/d5369777 repository from https://github.com/music-assistant/home-assistant-addon
2026-08-20 19:44:49.495 INFO (MainThread) [supervisor.store.git] Update app /data/apps/core repository from https://github.com/home-assistant/addons
2026-08-20 19:44:49.495 INFO (MainThread) [supervisor.store.git] Update app /data/apps/git/5c53de3b repository from https://github.com/esphome/home-assistant-addon
2026-08-20 19:44:49.495 INFO (MainThread) [supervisor.store.git] Update app /data/apps/git/a0d7b954 repository from https://github.com/hassio-addons/repository
2026-08-20 19:44:59.351 INFO (MainThread) [supervisor.docker.app] Starting build for local/aarch64-addon-stockmind:1.0.0
2026-08-20 19:44:59.354 INFO (MainThread) [supervisor.docker.manager] Running command '['docker', 'buildx', 'build', '.', '--tag', 'local/aarch64-addon-stockmind:1.0.0', '--file', 'Dockerfile', '--platform', 'linux/arm64', '--pull', '--label', 'io.hass.version=1.0.0', '--label', 'io.hass.arch=aarch64', '--label', 'io.hass.type=app', '--label', 'io.hass.name=StockMind', '--label', 'io.hass.description=StockMind stock analysis API', '--build-arg', 'BUILD_VERSION=1.0.0', '--build-arg', 'BUILD_ARCH=aarch64']' on docker:29.6.2-cli
2026-08-20 19:45:07.331 ERROR (MainThread) [supervisor.docker.app] Docker build failed for local/aarch64-addon-stockmind:1.0.0 (exit code 1). Build output:
#0 building with "default" instance using docker driver
#1 [internal] load build definition from Dockerfile
#1 transferring dockerfile: 716B done
#1 DONE 0.0s
#2 [internal] load metadata for docker.io/library/python:3.11-slim
#2 DONE 0.6s
#3 [internal] load .dockerignore
#3 transferring context: 2B done
#3 DONE 0.0s
#4 [1/9] FROM docker.io/library/python:3.11-slim@sha256:9c900dea9e8fb7e16277c179b555cc72d29a352dbc33cff48ad5a0412fd5bfc7
#4 resolve docker.io/library/python:3.11-slim@sha256:9c900dea9e8fb7e16277c179b555cc72d29a352dbc33cff48ad5a0412fd5bfc7 0.0s done
#4 DONE 0.0s
#5 [internal] load build context
#5 transferring context: 556.17kB 0.1s done
#5 DONE 0.1s
#6 [2/9] WORKDIR /app
#6 CACHED
#7 [3/9] COPY requirements.txt /app/requirements.txt
#7 CACHED
#8 [4/9] RUN pip install --no-cache-dir --upgrade pip     && pip install --no-cache-dir -r /app/requirements.txt
#8 2.124 Requirement already satisfied: pip in /usr/local/lib/python3.11/site-packages (24.0)
#8 2.248 Collecting pip
#8 2.321   Downloading pip-26.2.1-py3-none-any.whl.metadata (4.6 kB)
#8 2.334 Downloading pip-26.2.1-py3-none-any.whl (1.8 MB)
#8 2.585    ━━━━━━━━━━━━━━━━━━━━━━━━━━━━━━━━━━━━━━━━ 1.8/1.8 MB 7.3 MB/s eta 0:00:00
#8 2.647 Installing collected packages: pip
#8 2.648   Attempting uninstall: pip
#8 2.651     Found existing installation: pip 24.0
#8 2.700     Uninstalling pip-24.0:
#8 2.857       Successfully uninstalled pip-24.0
#8 3.864 Successfully installed pip-26.2.1
#8 3.864 WARNING: Running pip as the 'root' user can result in broken permissions and conflicting behaviour with the system package manager. It is recommended to use a virtual environment instead: https://pip.pypa.io/warnings/venv
#8 4.675 Collecting altair==6.2.2 (from -r /app/requirements.txt (line 1))
#8 4.735   Downloading altair-6.2.2-py3-none-any.whl.metadata (11 kB)
#8 4.757 Collecting annotated-doc==0.0.5 (from -r /app/requirements.txt (line 2))
#8 4.765   Downloading annotated_doc-0.0.5-py3-none-any.whl.metadata (6.5 kB)
#8 4.781 Collecting annotated-types==0.7.0 (from -r /app/requirements.txt (line 3))
#8 4.790   Downloading annotated_types-0.7.0-py3-none-any.whl.metadata (15 kB)
#8 4.818 Collecting anyio==4.14.2 (from -r /app/requirements.txt (line 4))
#8 4.827   Downloading anyio-4.14.2-py3-none-any.whl.metadata (4.6 kB)
#8 4.870 Collecting attrs==26.1.0 (from -r /app/requirements.txt (line 5))
#8 4.879   Downloading attrs-26.1.0-py3-none-any.whl.metadata (8.8 kB)
#8 4.901 Collecting beautifulsoup4==4.15.0 (from -r /app/requirements.txt (line 6))
#8 4.910   Downloading beautifulsoup4-4.15.0-py3-none-any.whl.metadata (3.8 kB)
#8 4.927 Collecting blinker==1.9.0 (from -r /app/requirements.txt (line 7))
#8 4.935   Downloading blinker-1.9.0-py3-none-any.whl.metadata (1.6 kB)
#8 4.962 Collecting certifi==2026.7.22 (from -r /app/requirements.txt (line 8))
#8 4.971   Downloading certifi-2026.7.22-py3-none-any.whl.metadata (2.5 kB)
#8 5.119 Collecting cffi==2.1.0 (from -r /app/requirements.txt (line 9))
#8 5.129   Downloading cffi-2.1.0-cp311-cp311-manylinux2014_aarch64.manylinux_2_17_aarch64.whl.metadata (2.5 kB)
#8 5.294 Collecting charset-normalizer==3.4.9 (from -r /app/requirements.txt (line 10))
#8 5.304   Downloading charset_normalizer-3.4.9-cp311-cp311-manylinux2014_aarch64.manylinux_2_17_aarch64.manylinux_2_28_aarch64.whl.metadata (41 kB)
#8 5.336 Collecting click==8.4.2 (from -r /app/requirements.txt (line 11))
#8 5.345   Downloading click-8.4.2-py3-none-any.whl.metadata (2.6 kB)
#8 5.365 Collecting colorama==0.4.6 (from -r /app/requirements.txt (line 12))
#8 5.375   Downloading colorama-0.4.6-py2.py3-none-any.whl.metadata (17 kB)
#8 5.459 Collecting curl_cffi==0.16.0 (from -r /app/requirements.txt (line 13))
#8 5.471   Downloading curl_cffi-0.16.0-cp310-abi3-manylinux2014_aarch64.manylinux_2_17_aarch64.whl.metadata (17 kB)
#8 5.535 Collecting fastapi==0.141.1 (from -r /app/requirements.txt (line 14))
#8 5.543   Downloading fastapi-0.141.1-py3-none-any.whl.metadata (27 kB)
#8 5.791 Collecting greenlet==3.5.3 (from -r /app/requirements.txt (line 15))
#8 5.801   Downloading greenlet-3.5.3-cp311-cp311-manylinux_2_24_aarch64.manylinux_2_28_aarch64.whl.metadata (3.8 kB)
#8 5.815 Collecting h11==0.16.0 (from -r /app/requirements.txt (line 16))
#8 5.824   Downloading h11-0.16.0-py3-none-any.whl.metadata (8.3 kB)
#8 5.867 Collecting httptools==0.8.0 (from -r /app/requirements.txt (line 17))
#8 5.877   Downloading httptools-0.8.0-cp311-cp311-manylinux2014_aarch64.manylinux_2_17_aarch64.manylinux_2_28_aarch64.whl.metadata (3.5 kB)
#8 5.916 Collecting idna==3.18 (from -r /app/requirements.txt (line 18))
#8 5.926   Downloading idna-3.18-py3-none-any.whl.metadata (6.1 kB)
#8 5.946 Collecting itsdangerous==2.2.0 (from -r /app/requirements.txt (line 19))
#8 5.954   Downloading itsdangerous-2.2.0-py3-none-any.whl.metadata (1.9 kB)
#8 5.973 Collecting Jinja2==3.1.6 (from -r /app/requirements.txt (line 20))
#8 5.983   Downloading jinja2-3.1.6-py3-none-any.whl.metadata (2.9 kB)
#8 6.010 Collecting jsonschema==4.26.0 (from -r /app/requirements.txt (line 21))
#8 6.019   Downloading jsonschema-4.26.0-py3-none-any.whl.metadata (7.6 kB)
#8 6.036 Collecting jsonschema-specifications==2025.9.1 (from -r /app/requirements.txt (line 22))
#8 6.045   Downloading jsonschema_specifications-2025.9.1-py3-none-any.whl.metadata (2.9 kB)
#8 6.116 Collecting MarkupSafe==3.0.3 (from -r /app/requirements.txt (line 23))
#8 6.126   Downloading markupsafe-3.0.3-cp311-cp311-manylinux2014_aarch64.manylinux_2_17_aarch64.manylinux_2_28_aarch64.whl.metadata (2.7 kB)
#8 6.139 Collecting multitasking==0.0.13 (from -r /app/requirements.txt (line 24))
#8 6.149   Downloading multitasking-0.0.13-py3-none-any.whl.metadata (16 kB)
#8 6.198 Collecting narwhals==2.24.0 (from -r /app/requirements.txt (line 25))
#8 6.209   Downloading narwhals-2.24.0-py3-none-any.whl.metadata (15 kB)
#8 6.493 ERROR: Ignored the following yanked versions: 2.4.0
#8 6.493 ERROR: Ignored the following versions that require a different python version: 1.21.2 Requires-Python >=3.7,<3.11; 1.21.3 Requires-Python >=3.7,<3.11; 1.21.4 Requires-Python >=3.7,<3.11; 1.21.5 Requires-Python >=3.7,<3.11; 1.21.6 Requires-Python >=3.7,<3.11; 2.5.0 Requires-Python >=3.12; 2.5.0rc1 Requires-Python >=3.12; 2.5.1 Requires-Python >=3.12; 2.5.2 Requires-Python >=3.12
#8 6.493 ERROR: Could not find a version that satisfies the requirement numpy==2.5.1 (from versions: 1.3.0, 1.4.1, 1.5.0, 1.5.1, 1.6.0, 1.6.1, 1.6.2, 1.7.0, 1.7.1, 1.7.2, 1.8.0, 1.8.1, 1.8.2, 1.9.0, 1.9.1, 1.9.2, 1.9.3, 1.10.0.post2, 1.10.1, 1.10.2, 1.10.4, 1.11.0, 1.11.1, 1.11.2, 1.11.3, 1.12.0, 1.12.1, 1.13.0, 1.13.1, 1.13.3, 1.14.0, 1.14.1, 1.14.2, 1.14.3, 1.14.4, 1.14.5, 1.14.6, 1.15.0, 1.15.1, 1.15.2, 1.15.3, 1.15.4, 1.16.0, 1.16.1, 1.16.2, 1.16.3, 1.16.4, 1.16.5, 1.16.6, 1.17.0, 1.17.1, 1.17.2, 1.17.3, 1.17.4, 1.17.5, 1.18.0, 1.18.1, 1.18.2, 1.18.3, 1.18.4, 1.18.5, 1.19.0, 1.19.1, 1.19.2, 1.19.3, 1.19.4, 1.19.5, 1.20.0, 1.20.1, 1.20.2, 1.20.3, 1.21.0, 1.21.1, 1.22.0, 1.22.1, 1.22.2, 1.22.3, 1.22.4, 1.23.0, 1.23.1, 1.23.2, 1.23.3, 1.23.4, 1.23.5, 1.24.0, 1.24.1, 1.24.2, 1.24.3, 1.24.4, 1.25.0, 1.25.1, 1.25.2, 1.26.0, 1.26.1, 1.26.2, 1.26.3, 1.26.4, 2.0.0, 2.0.1, 2.0.2, 2.1.0, 2.1.1, 2.1.2, 2.1.3, 2.2.0, 2.2.1, 2.2.2, 2.2.3, 2.2.4, 2.2.5, 2.2.6, 2.3.0, 2.3.1, 2.3.2, 2.3.3, 2.3.4, 2.3.5, 2.4.0rc1, 2.4.1, 2.4.2, 2.4.3, 2.4.4, 2.4.5, 2.4.6)
#8 6.494 ERROR: No matching distribution found for numpy==2.5.1
#8 ERROR: process "/bin/sh -c pip install --no-cache-dir --upgrade pip     && pip install --no-cache-dir -r /app/requirements.txt" did not complete successfully: exit code: 1
------
 > [4/9] RUN pip install --no-cache-dir --upgrade pip     && pip install --no-cache-dir -r /app/requirements.txt:
6.116 Collecting MarkupSafe==3.0.3 (from -r /app/requirements.txt (line 23))
6.126   Downloading markupsafe-3.0.3-cp311-cp311-manylinux2014_aarch64.manylinux_2_17_aarch64.manylinux_2_28_aarch64.whl.metadata (2.7 kB)
6.139 Collecting multitasking==0.0.13 (from -r /app/requirements.txt (line 24))
6.149   Downloading multitasking-0.0.13-py3-none-any.whl.metadata (16 kB)
6.198 Collecting narwhals==2.24.0 (from -r /app/requirements.txt (line 25))
6.209   Downloading narwhals-2.24.0-py3-none-any.whl.metadata (15 kB)
6.493 ERROR: Ignored the following yanked versions: 2.4.0
6.493 ERROR: Ignored the following versions that require a different python version: 1.21.2 Requires-Python >=3.7,<3.11; 1.21.3 Requires-Python >=3.7,<3.11; 1.21.4 Requires-Python >=3.7,<3.11; 1.21.5 Requires-Python >=3.7,<3.11; 1.21.6 Requires-Python >=3.7,<3.11; 2.5.0 Requires-Python >=3.12; 2.5.0rc1 Requires-Python >=3.12; 2.5.1 Requires-Python >=3.12; 2.5.2 Requires-Python >=3.12
6.493 ERROR: Could not find a version that satisfies the requirement numpy==2.5.1 (from versions: 1.3.0, 1.4.1, 1.5.0, 1.5.1, 1.6.0, 1.6.1, 1.6.2, 1.7.0, 1.7.1, 1.7.2, 1.8.0, 1.8.1, 1.8.2, 1.9.0, 1.9.1, 1.9.2, 1.9.3, 1.10.0.post2, 1.10.1, 1.10.2, 1.10.4, 1.11.0, 1.11.1, 1.11.2, 1.11.3, 1.12.0, 1.12.1, 1.13.0, 1.13.1, 1.13.3, 1.14.0, 1.14.1, 1.14.2, 1.14.3, 1.14.4, 1.14.5, 1.14.6, 1.15.0, 1.15.1, 1.15.2, 1.15.3, 1.15.4, 1.16.0, 1.16.1, 1.16.2, 1.16.3, 1.16.4, 1.16.5, 1.16.6, 1.17.0, 1.17.1, 1.17.2, 1.17.3, 1.17.4, 1.17.5, 1.18.0, 1.18.1, 1.18.2, 1.18.3, 1.18.4, 1.18.5, 1.19.0, 1.19.1, 1.19.2, 1.19.3, 1.19.4, 1.19.5, 1.20.0, 1.20.1, 1.20.2, 1.20.3, 1.21.0, 1.21.1, 1.22.0, 1.22.1, 1.22.2, 1.22.3, 1.22.4, 1.23.0, 1.23.1, 1.23.2, 1.23.3, 1.23.4, 1.23.5, 1.24.0, 1.24.1, 1.24.2, 1.24.3, 1.24.4, 1.25.0, 1.25.1, 1.25.2, 1.26.0, 1.26.1, 1.26.2, 1.26.3, 1.26.4, 2.0.0, 2.0.1, 2.0.2, 2.1.0, 2.1.1, 2.1.2, 2.1.3, 2.2.0, 2.2.1, 2.2.2, 2.2.3, 2.2.4, 2.2.5, 2.2.6, 2.3.0, 2.3.1, 2.3.2, 2.3.3, 2.3.4, 2.3.5, 2.4.0rc1, 2.4.1, 2.4.2, 2.4.3, 2.4.4, 2.4.5, 2.4.6)
6.494 ERROR: No matching distribution found for numpy==2.5.1
------
Dockerfile:19
--------------------
  18 |     
  19 | >>> RUN pip install --no-cache-dir --upgrade pip \
  20 | >>>     && pip install --no-cache-dir -r /app/requirements.txt
  21 |     
--------------------
ERROR: failed to build: failed to solve: process "/bin/sh -c pip install --no-cache-dir --upgrade pip     && pip install --no-cache-dir -r /app/requirements.txt" did not complete successfully: exit code: 1
2026-08-20 19:45:07.332 ERROR (MainThread) [supervisor.apps.app] Could not build image for app local_stockmind: Docker build failed for local/aarch64-addon-stockmind:1.0.0 (exit code 1). Build output:
#0 building with "default" instance using docker driver
#1 [internal] load build definition from Dockerfile
#1 transferring dockerfile: 716B done
#1 DONE 0.0s
#2 [internal] load metadata for docker.io/library/python:3.11-slim
#2 DONE 0.6s
#3 [internal] load .dockerignore
#3 transferring context: 2B done
#3 DONE 0.0s
#4 [1/9] FROM docker.io/library/python:3.11-slim@sha256:9c900dea9e8fb7e16277c179b555cc72d29a352dbc33cff48ad5a0412fd5bfc7
#4 resolve docker.io/library/python:3.11-slim@sha256:9c900dea9e8fb7e16277c179b555cc72d29a352dbc33cff48ad5a0412fd5bfc7 0.0s done
#4 DONE 0.0s
#5 [internal] load build context
#5 transferring context: 556.17kB 0.1s done
#5 DONE 0.1s
#6 [2/9] WORKDIR /app
#6 CACHED
#7 [3/9] COPY requirements.txt /app/requirements.txt
#7 CACHED
#8 [4/9] RUN pip install --no-cache-dir --upgrade pip     && pip install --no-cache-dir -r /app/requirements.txt
#8 2.124 Requirement already satisfied: pip in /usr/local/lib/python3.11/site-packages (24.0)
#8 2.248 Collecting pip
#8 2.321   Downloading pip-26.2.1-py3-none-any.whl.metadata (4.6 kB)
#8 2.334 Downloading pip-26.2.1-py3-none-any.whl (1.8 MB)
#8 2.585    ━━━━━━━━━━━━━━━━━━━━━━━━━━━━━━━━━━━━━━━━ 1.8/1.8 MB 7.3 MB/s eta 0:00:00
#8 2.647 Installing collected packages: pip
#8 2.648   Attempting uninstall: pip
#8 2.651     Found existing installation: pip 24.0
#8 2.700     Uninstalling pip-24.0:
#8 2.857       Successfully uninstalled pip-24.0
#8 3.864 Successfully installed pip-26.2.1
#8 3.864 WARNING: Running pip as the 'root' user can result in broken permissions and conflicting behaviour with the system package manager. It is recommended to use a virtual environment instead: https://pip.pypa.io/warnings/venv
#8 4.675 Collecting altair==6.2.2 (from -r /app/requirements.txt (line 1))
#8 4.735   Downloading altair-6.2.2-py3-none-any.whl.metadata (11 kB)
#8 4.757 Collecting annotated-doc==0.0.5 (from -r /app/requirements.txt (line 2))
#8 4.765   Downloading annotated_doc-0.0.5-py3-none-any.whl.metadata (6.5 kB)
#8 4.781 Collecting annotated-types==0.7.0 (from -r /app/requirements.txt (line 3))
#8 4.790   Downloading annotated_types-0.7.0-py3-none-any.whl.metadata (15 kB)
#8 4.818 Collecting anyio==4.14.2 (from -r /app/requirements.txt (line 4))
#8 4.827   Downloading anyio-4.14.2-py3-none-any.whl.metadata (4.6 kB)
#8 4.870 Collecting attrs==26.1.0 (from -r /app/requirements.txt (line 5))
#8 4.879   Downloading attrs-26.1.0-py3-none-any.whl.metadata (8.8 kB)
#8 4.901 Collecting beautifulsoup4==4.15.0 (from -r /app/requirements.txt (line 6))
#8 4.910   Downloading beautifulsoup4-4.15.0-py3-none-any.whl.metadata (3.8 kB)
#8 4.927 Collecting blinker==1.9.0 (from -r /app/requirements.txt (line 7))
#8 4.935   Downloading blinker-1.9.0-py3-none-any.whl.metadata (1.6 kB)
#8 4.962 Collecting certifi==2026.7.22 (from -r /app/requirements.txt (line 8))
#8 4.971   Downloading certifi-2026.7.22-py3-none-any.whl.metadata (2.5 kB)
#8 5.119 Collecting cffi==2.1.0 (from -r /app/requirements.txt (line 9))
#8 5.129   Downloading cffi-2.1.0-cp311-cp311-manylinux2014_aarch64.manylinux_2_17_aarch64.whl.metadata (2.5 kB)
#8 5.294 Collecting charset-normalizer==3.4.9 (from -r /app/requirements.txt (line 10))
#8 5.304   Downloading charset_normalizer-3.4.9-cp311-cp311-manylinux2014_aarch64.manylinux_2_17_aarch64.manylinux_2_28_aarch64.whl.metadata (41 kB)
#8 5.336 Collecting click==8.4.2 (from -r /app/requirements.txt (line 11))
#8 5.345   Downloading click-8.4.2-py3-none-any.whl.metadata (2.6 kB)
#8 5.365 Collecting colorama==0.4.6 (from -r /app/requirements.txt (line 12))
#8 5.375   Downloading colorama-0.4.6-py2.py3-none-any.whl.metadata (17 kB)
#8 5.459 Collecting curl_cffi==0.16.0 (from -r /app/requirements.txt (line 13))
#8 5.471   Downloading curl_cffi-0.16.0-cp310-abi3-manylinux2014_aarch64.manylinux_2_17_aarch64.whl.metadata (17 kB)
#8 5.535 Collecting fastapi==0.141.1 (from -r /app/requirements.txt (line 14))
#8 5.543   Downloading fastapi-0.141.1-py3-none-any.whl.metadata (27 kB)
#8 5.791 Collecting greenlet==3.5.3 (from -r /app/requirements.txt (line 15))
#8 5.801   Downloading greenlet-3.5.3-cp311-cp311-manylinux_2_24_aarch64.manylinux_2_28_aarch64.whl.metadata (3.8 kB)
#8 5.815 Collecting h11==0.16.0 (from -r /app/requirements.txt (line 16))
#8 5.824   Downloading h11-0.16.0-py3-none-any.whl.metadata (8.3 kB)
#8 5.867 Collecting httptools==0.8.0 (from -r /app/requirements.txt (line 17))
#8 5.877   Downloading httptools-0.8.0-cp311-cp311-manylinux2014_aarch64.manylinux_2_17_aarch64.manylinux_2_28_aarch64.whl.metadata (3.5 kB)
#8 5.916 Collecting idna==3.18 (from -r /app/requirements.txt (line 18))
#8 5.926   Downloading idna-3.18-py3-none-any.whl.metadata (6.1 kB)
#8 5.946 Collecting itsdangerous==2.2.0 (from -r /app/requirements.txt (line 19))
#8 5.954   Downloading itsdangerous-2.2.0-py3-none-any.whl.metadata (1.9 kB)
#8 5.973 Collecting Jinja2==3.1.6 (from -r /app/requirements.txt (line 20))
#8 5.983   Downloading jinja2-3.1.6-py3-none-any.whl.metadata (2.9 kB)
#8 6.010 Collecting jsonschema==4.26.0 (from -r /app/requirements.txt (line 21))
#8 6.019   Downloading jsonschema-4.26.0-py3-none-any.whl.metadata (7.6 kB)
#8 6.036 Collecting jsonschema-specifications==2025.9.1 (from -r /app/requirements.txt (line 22))
#8 6.045   Downloading jsonschema_specifications-2025.9.1-py3-none-any.whl.metadata (2.9 kB)
#8 6.116 Collecting MarkupSafe==3.0.3 (from -r /app/requirements.txt (line 23))
#8 6.126   Downloading markupsafe-3.0.3-cp311-cp311-manylinux2014_aarch64.manylinux_2_17_aarch64.manylinux_2_28_aarch64.whl.metadata (2.7 kB)
#8 6.139 Collecting multitasking==0.0.13 (from -r /app/requirements.txt (line 24))
#8 6.149   Downloading multitasking-0.0.13-py3-none-any.whl.metadata (16 kB)
#8 6.198 Collecting narwhals==2.24.0 (from -r /app/requirements.txt (line 25))
#8 6.209   Downloading narwhals-2.24.0-py3-none-any.whl.metadata (15 kB)
#8 6.493 ERROR: Ignored the following yanked versions: 2.4.0
#8 6.493 ERROR: Ignored the following versions that require a different python version: 1.21.2 Requires-Python >=3.7,<3.11; 1.21.3 Requires-Python >=3.7,<3.11; 1.21.4 Requires-Python >=3.7,<3.11; 1.21.5 Requires-Python >=3.7,<3.11; 1.21.6 Requires-Python >=3.7,<3.11; 2.5.0 Requires-Python >=3.12; 2.5.0rc1 Requires-Python >=3.12; 2.5.1 Requires-Python >=3.12; 2.5.2 Requires-Python >=3.12
#8 6.493 ERROR: Could not find a version that satisfies the requirement numpy==2.5.1 (from versions: 1.3.0, 1.4.1, 1.5.0, 1.5.1, 1.6.0, 1.6.1, 1.6.2, 1.7.0, 1.7.1, 1.7.2, 1.8.0, 1.8.1, 1.8.2, 1.9.0, 1.9.1, 1.9.2, 1.9.3, 1.10.0.post2, 1.10.1, 1.10.2, 1.10.4, 1.11.0, 1.11.1, 1.11.2, 1.11.3, 1.12.0, 1.12.1, 1.13.0, 1.13.1, 1.13.3, 1.14.0, 1.14.1, 1.14.2, 1.14.3, 1.14.4, 1.14.5, 1.14.6, 1.15.0, 1.15.1, 1.15.2, 1.15.3, 1.15.4, 1.16.0, 1.16.1, 1.16.2, 1.16.3, 1.16.4, 1.16.5, 1.16.6, 1.17.0, 1.17.1, 1.17.2, 1.17.3, 1.17.4, 1.17.5, 1.18.0, 1.18.1, 1.18.2, 1.18.3, 1.18.4, 1.18.5, 1.19.0, 1.19.1, 1.19.2, 1.19.3, 1.19.4, 1.19.5, 1.20.0, 1.20.1, 1.20.2, 1.20.3, 1.21.0, 1.21.1, 1.22.0, 1.22.1, 1.22.2, 1.22.3, 1.22.4, 1.23.0, 1.23.1, 1.23.2, 1.23.3, 1.23.4, 1.23.5, 1.24.0, 1.24.1, 1.24.2, 1.24.3, 1.24.4, 1.25.0, 1.25.1, 1.25.2, 1.26.0, 1.26.1, 1.26.2, 1.26.3, 1.26.4, 2.0.0, 2.0.1, 2.0.2, 2.1.0, 2.1.1, 2.1.2, 2.1.3, 2.2.0, 2.2.1, 2.2.2, 2.2.3, 2.2.4, 2.2.5, 2.2.6, 2.3.0, 2.3.1, 2.3.2, 2.3.3, 2.3.4, 2.3.5, 2.4.0rc1, 2.4.1, 2.4.2, 2.4.3, 2.4.4, 2.4.5, 2.4.6)
#8 6.494 ERROR: No matching distribution found for numpy==2.5.1
#8 ERROR: process "/bin/sh -c pip install --no-cache-dir --upgrade pip     && pip install --no-cache-dir -r /app/requirements.txt" did not complete successfully: exit code: 1
------
 > [4/9] RUN pip install --no-cache-dir --upgrade pip     && pip install --no-cache-dir -r /app/requirements.txt:
6.116 Collecting MarkupSafe==3.0.3 (from -r /app/requirements.txt (line 23))
6.126   Downloading markupsafe-3.0.3-cp311-cp311-manylinux2014_aarch64.manylinux_2_17_aarch64.manylinux_2_28_aarch64.whl.metadata (2.7 kB)
6.139 Collecting multitasking==0.0.13 (from -r /app/requirements.txt (line 24))
6.149   Downloading multitasking-0.0.13-py3-none-any.whl.metadata (16 kB)
6.198 Collecting narwhals==2.24.0 (from -r /app/requirements.txt (line 25))
6.209   Downloading narwhals-2.24.0-py3-none-any.whl.metadata (15 kB)
6.493 ERROR: Ignored the following yanked versions: 2.4.0
6.493 ERROR: Ignored the following versions that require a different python version: 1.21.2 Requires-Python >=3.7,<3.11; 1.21.3 Requires-Python >=3.7,<3.11; 1.21.4 Requires-Python >=3.7,<3.11; 1.21.5 Requires-Python >=3.7,<3.11; 1.21.6 Requires-Python >=3.7,<3.11; 2.5.0 Requires-Python >=3.12; 2.5.0rc1 Requires-Python >=3.12; 2.5.1 Requires-Python >=3.12; 2.5.2 Requires-Python >=3.12
6.493 ERROR: Could not find a version that satisfies the requirement numpy==2.5.1 (from versions: 1.3.0, 1.4.1, 1.5.0, 1.5.1, 1.6.0, 1.6.1, 1.6.2, 1.7.0, 1.7.1, 1.7.2, 1.8.0, 1.8.1, 1.8.2, 1.9.0, 1.9.1, 1.9.2, 1.9.3, 1.10.0.post2, 1.10.1, 1.10.2, 1.10.4, 1.11.0, 1.11.1, 1.11.2, 1.11.3, 1.12.0, 1.12.1, 1.13.0, 1.13.1, 1.13.3, 1.14.0, 1.14.1, 1.14.2, 1.14.3, 1.14.4, 1.14.5, 1.14.6, 1.15.0, 1.15.1, 1.15.2, 1.15.3, 1.15.4, 1.16.0, 1.16.1, 1.16.2, 1.16.3, 1.16.4, 1.16.5, 1.16.6, 1.17.0, 1.17.1, 1.17.2, 1.17.3, 1.17.4, 1.17.5, 1.18.0, 1.18.1, 1.18.2, 1.18.3, 1.18.4, 1.18.5, 1.19.0, 1.19.1, 1.19.2, 1.19.3, 1.19.4, 1.19.5, 1.20.0, 1.20.1, 1.20.2, 1.20.3, 1.21.0, 1.21.1, 1.22.0, 1.22.1, 1.22.2, 1.22.3, 1.22.4, 1.23.0, 1.23.1, 1.23.2, 1.23.3, 1.23.4, 1.23.5, 1.24.0, 1.24.1, 1.24.2, 1.24.3, 1.24.4, 1.25.0, 1.25.1, 1.25.2, 1.26.0, 1.26.1, 1.26.2, 1.26.3, 1.26.4, 2.0.0, 2.0.1, 2.0.2, 2.1.0, 2.1.1, 2.1.2, 2.1.3, 2.2.0, 2.2.1, 2.2.2, 2.2.3, 2.2.4, 2.2.5, 2.2.6, 2.3.0, 2.3.1, 2.3.2, 2.3.3, 2.3.4, 2.3.5, 2.4.0rc1, 2.4.1, 2.4.2, 2.4.3, 2.4.4, 2.4.5, 2.4.6)
6.494 ERROR: No matching distribution found for numpy==2.5.1
------
Dockerfile:19
--------------------
  18 |     
  19 | >>> RUN pip install --no-cache-dir --upgrade pip \
  20 | >>>     && pip install --no-cache-dir -r /app/requirements.txt
  21 |     
--------------------
ERROR: failed to build: failed to solve: process "/bin/sh -c pip install --no-cache-dir --upgrade pip     && pip install --no-cache-dir -r /app/requirements.txt" did not complete successfully: exit code: 1
